// Jest Snapshot v1, https://goo.gl/fbAQLP

exports[`PostWidget should render the PostWidget 1`] = `
<div>
  <div
    class="bg-white shadow-lg rounded-lg p-8 mb-8"
  >
    <h3
      class="text-xl mb-8 font-semibold border-b pb-4"
    >
      Recent Posts
       
    </h3>
  </div>
</div>
`;
