// Jest Snapshot v1, https://goo.gl/fbAQLP

exports[`Categories should render the Categories component 1`] = `
<div>
  <div
    class="bg-white shadow-lg rounded-lg p-8 mb-8 pb-12"
  >
    <h3
      class="text-2xl mb-4 font-semibold border-b pb-4"
    >
      Categories
    </h3>
  </div>
</div>
`;
